> Task :compileJava UP-TO-DATE
> Task :processResources UP-TO-DATE
> Task :classes UP-TO-DATE
> Task :compileTestJava UP-TO-DATE
> Task :processTestResources UP-TO-DATE
> Task :testClasses UP-TO-DATE
> Task :test
> Task :jacocoTestReport

BUILD SUCCESSFUL in 5s
6 actionable tasks: 2 executed, 4 up-to-date
